main.c:115:5:main	8	static
main.c:207:6:SystemClock_Config	104	static
main.c:259:13:MX_ADC1_Init	24	static
main.c:309:13:MX_I2C1_Init	8	static
main.c:343:13:MX_I2S3_Init	8	static
main.c:377:13:MX_SDIO_SD_Init	4	static
main.c:405:13:MX_SPI1_Init	8	static
main.c:443:13:MX_SPI2_Init	8	static
main.c:481:13:MX_USART1_UART_Init	8	static
main.c:514:13:MX_USB_OTG_FS_PCD_Init	8	static
main.c:547:13:MX_DMA_Init	16	static
main.c:568:13:MX_GPIO_Init	56	static
main.c:654:13:MX_FSMC_Init	40	static
main.c:707:13:usb_write	576	static
main.c:732:5:_write	32	static
main.c:758:6:StartMainTask	48	static
main.c:794:6:StartIOTask	24	static
main.c:836:6:HAL_TIM_PeriodElapsedCallback	16	static
main.c:853:6:Error_Handler	4	static,ignoring_inline_asm
