stm32f4xx_hal_msp.c:67:6:HAL_MspInit	16	static
stm32f4xx_hal_msp.c:91:6:HAL_ADC_MspInit	48	static
stm32f4xx_hal_msp.c:124:6:HAL_ADC_MspDeInit	16	static
stm32f4xx_hal_msp.c:152:6:HAL_I2C_MspInit	48	static
stm32f4xx_hal_msp.c:188:6:HAL_I2C_MspDeInit	16	static
stm32f4xx_hal_msp.c:219:6:HAL_I2S_MspInit	48	static
stm32f4xx_hal_msp.c:272:6:HAL_I2S_MspDeInit	16	static
stm32f4xx_hal_msp.c:305:6:HAL_SD_MspInit	48	static
stm32f4xx_hal_msp.c:400:6:HAL_SD_MspDeInit	16	static
stm32f4xx_hal_msp.c:442:6:HAL_SPI_MspInit	56	static
stm32f4xx_hal_msp.c:505:6:HAL_SPI_MspDeInit	16	static
stm32f4xx_hal_msp.c:555:6:HAL_UART_MspInit	48	static
stm32f4xx_hal_msp.c:590:6:HAL_UART_MspDeInit	16	static
stm32f4xx_hal_msp.c:618:6:HAL_PCD_MspInit	48	static
stm32f4xx_hal_msp.c:654:6:HAL_PCD_MspDeInit	16	static
stm32f4xx_hal_msp.c:679:13:HAL_FSMC_MspInit	32	static
stm32f4xx_hal_msp.c:737:6:HAL_SRAM_MspInit	16	static
stm32f4xx_hal_msp.c:749:13:HAL_FSMC_MspDeInit	8	static
stm32f4xx_hal_msp.c:795:6:HAL_SRAM_MspDeInit	16	static
