stm32f4xx_it.c:74:6:NMI_Handler	4	static
stm32f4xx_it.c:89:6:HardFault_Handler	4	static
stm32f4xx_it.c:104:6:MemManage_Handler	4	static
stm32f4xx_it.c:119:6:BusFault_Handler	4	static
stm32f4xx_it.c:134:6:UsageFault_Handler	4	static
stm32f4xx_it.c:149:6:DebugMon_Handler	4	static
stm32f4xx_it.c:169:6:EXTI3_IRQHandler	8	static
stm32f4xx_it.c:183:6:EXTI9_5_IRQHandler	8	static
stm32f4xx_it.c:197:6:SDIO_IRQHandler	8	static
stm32f4xx_it.c:211:6:TIM7_IRQHandler	8	static
stm32f4xx_it.c:225:6:DMA2_Stream3_IRQHandler	8	static
stm32f4xx_it.c:239:6:DMA2_Stream6_IRQHandler	8	static
